import datetime


access_via_python: bool = False

class different_resolutions:
    def __init__(self) -> None: ...

    @property
    def timestamp_h(self) -> datetime.datetime: ...

    @timestamp_h.setter
    def timestamp_h(self, arg: datetime.datetime | datetime.date | datetime.time, /) -> None: ...

    @property
    def timestamp_m(self) -> datetime.datetime: ...

    @timestamp_m.setter
    def timestamp_m(self, arg: datetime.datetime | datetime.date | datetime.time, /) -> None: ...

    @property
    def timestamp_s(self) -> datetime.datetime: ...

    @timestamp_s.setter
    def timestamp_s(self, arg: datetime.datetime | datetime.date | datetime.time, /) -> None: ...

    @property
    def timestamp_ms(self) -> datetime.datetime: ...

    @timestamp_ms.setter
    def timestamp_ms(self, arg: datetime.datetime | datetime.date | datetime.time, /) -> None: ...

    @property
    def timestamp_us(self) -> datetime.datetime: ...

    @timestamp_us.setter
    def timestamp_us(self, arg: datetime.datetime | datetime.date | datetime.time, /) -> None: ...

def test_chrono1() -> datetime.datetime: ...

def test_chrono2(arg: datetime.datetime | datetime.date | datetime.time, /) -> datetime.datetime: ...

def test_chrono3(arg: datetime.timedelta | float, /) -> datetime.datetime: ...

def test_chrono4(arg0: datetime.datetime | datetime.date | datetime.time, arg1: datetime.datetime | datetime.date | datetime.time, /) -> datetime.datetime: ...

def test_chrono5() -> datetime.datetime: ...

def test_chrono6(arg: datetime.timedelta | float, /) -> datetime.datetime: ...

def test_chrono7(arg: datetime.timedelta | float, /) -> datetime.datetime: ...

def test_chrono_float_diff(arg0: datetime.timedelta | float, arg1: datetime.timedelta | float, /) -> datetime.datetime: ...

def test_nano_timepoint(arg0: datetime.datetime | datetime.date | datetime.time, arg1: datetime.timedelta | float, /) -> datetime.datetime: ...

def test_nano_timepoint_diff(arg0: datetime.datetime | datetime.date | datetime.time, arg1: datetime.datetime | datetime.date | datetime.time, /) -> datetime.datetime: ...

def test_nano_timepoint_roundtrip(arg: datetime.datetime | datetime.date | datetime.time, /) -> datetime.datetime: ...
