from collections.abc import Callable
import types
from typing import overload, Annotated

def call_guard_value() -> int: ...

def identity_i16(arg: int, /) -> int: ...

def identity_i32(arg: int, /) -> int: ...

def identity_i64(arg: int, /) -> int: ...

def identity_i8(arg: int, /) -> int: ...

def identity_u16(arg: int, /) -> int: ...

def identity_u32(arg: int, /) -> int: ...

def identity_u64(arg: int, /) -> int: ...

def identity_u8(arg: int, /) -> int: ...

def test_01() -> None: ...

def test_02(j: int = 8, k: int = 1) -> int: ...

def test_03(arg0: int, arg1: int, /) -> int: ...

def test_04() -> int: ...

@overload
def test_05(arg: int, /) -> int:
    """doc_1"""

@overload
def test_05(arg: float, /) -> int:
    """doc_2"""

def test_06() -> None: ...

@overload
def test_07(arg0: int, arg1: int, /, *args, **kwargs) -> tuple[int, int]: ...

@overload
def test_07(a: int, b: int, *myargs, **mykwargs) -> tuple[int, int]: ...

@overload
def test_08(arg: int, /) -> int:
    """first docstring"""

@overload
def test_08(x: Annotated[float, 'foo']) -> int:
    """another docstring"""

def test_09(arg: type, /) -> bool: ...

def test_10(arg: dict, /) -> dict: ...

def test_10_contains(arg: dict, /) -> bool: ...

def test_11_sl(arg: int, /) -> int: ...

def test_11_sll(arg: int, /) -> int: ...

def test_11_ul(arg: int, /) -> int: ...

def test_11_ull(arg: int, /) -> int: ...

def test_12(arg: str, /) -> str: ...

def test_13() -> str: ...

def test_14(arg: object, /) -> str: ...

def test_15(arg: bytes, /) -> str: ...

def test_16(arg: str, /) -> bytes: ...

def test_17(arg: bytes, /) -> int: ...

def test_18(arg0: str, arg1: int, /) -> bytes: ...

def test_19(arg: int, /) -> object: ...

def test_20(arg: str, /) -> object: ...

def test_21(arg: int, /) -> int: ...

def test_22() -> types.CapsuleType: ...

def test_23() -> types.CapsuleType: ...

def test_24(p: types.CapsuleType | None) -> int: ...

def test_25(arg: slice, /) -> slice: ...

def test_26() -> slice: ...

def test_27() -> slice: ...

def test_28() -> slice: ...

def test_29(arg: types.EllipsisType, /) -> types.EllipsisType: ...

def test_30(arg: Callable, /) -> str: ...

def test_31(arg: int, /) -> int: ...

def test_32(arg: int, /) -> int: ...

def test_33(self, arg: int, /) -> int: ...

def test_34(self, y: int) -> int: ...

def test_35() -> object: ...

def test_bad_tuple() -> tuple: ...

def test_call_1(arg: object, /) -> object: ...

def test_call_2(arg: object, /) -> object: ...

def test_call_extra(arg0: object, /, *args, **kwargs) -> object: ...

def test_call_guard() -> int: ...

def test_call_guard_wrapper_rvalue_ref(arg: int, /) -> int: ...

def test_cast_char(arg: object, /) -> str: ...

def test_cast_str(arg: object, /) -> str: ...

def test_del_dict(arg: dict, /) -> None: ...

def test_del_list(arg: list, /) -> None: ...

def test_iter(arg: object, /) -> list: ...

def test_iter_list(arg: list, /) -> list: ...

def test_iter_tuple(arg: tuple, /) -> list: ...

def test_list(arg: list, /) -> None: ...

def test_print() -> None: ...

def test_release_gil() -> bool: ...

def test_set() -> set: ...

def test_set_contains(arg0: set, arg1: object, /) -> bool: ...

@overload
def test_tuple() -> tuple: ...

@overload
def test_tuple(arg: tuple, /) -> int: ...
