import enum
from typing import overload


A: Flag = Flag.A

B: Flag = Flag.B

C: Flag = Flag.C

class ClassicEnum(enum.Enum):
    Item1 = 0

    Item2 = 1

    def get_value(self) -> int: ...

    @property
    def my_value(self) -> int: ...

    def foo(self) -> ClassicEnum: ...

    @staticmethod
    def bar(arg: ClassicEnum, /) -> ClassicEnum: ...

class Enum(enum.Enum):
    """enum-level docstring"""

    A = 0
    """Value A"""

    B = 1
    """Value B"""

    C = 4294967295
    """Value C"""

class EnumProperty:
    def __init__(self) -> None: ...

    @property
    def read_enum(self) -> Enum: ...

class Flag(enum.Flag):
    """enum-level docstring"""

    A = 1
    """Value A"""

    B = 2
    """Value B"""

    C = 4
    """Value C"""

Item1: ClassicEnum = ClassicEnum.Item1

Item2: ClassicEnum = ClassicEnum.Item2

class SEnum(enum.IntEnum):
    A = 0

    B = 1

    C = -1

class UnsignedFlag(enum.Flag):
    A = 1
    """Value A"""

    B = 2
    """Value B"""

    All = 18446744073709551615
    """All values"""

@overload
def from_enum(arg: Enum) -> int: ...

@overload
def from_enum(arg: Flag) -> int: ...

@overload
def from_enum(arg: SEnum) -> int: ...

@overload
def from_enum(arg: UnsignedFlag) -> int: ...

@overload
def from_enum_default_0(value: Enum = Enum.A) -> int: ...

@overload
def from_enum_default_0(value: Flag = Enum.A) -> int: ...

def from_enum_default_1(value: SEnum = SEnum.A) -> int: ...

@overload
def from_enum_implicit(arg: Enum, /) -> int: ...

@overload
def from_enum_implicit(arg: Flag, /) -> int: ...

def to_enum(arg: int, /) -> Enum: ...

def to_flag(arg: int, /) -> Flag: ...

def to_unsigned_flag(arg: int, /) -> UnsignedFlag: ...
