from . import submodule as submodule
from .submodule import F as F, f as f2
from collections.abc import Iterable
from typing import Self, Optional, TypeAlias, TypeVar, Generic

@my_decorator
class CustomSignature(Iterable[int]):
    @my_decorator
    def method(self: Self): ...

    def method_with_default(self, value: bool = bool(True)) -> None: ...

    @property
    def value(self, /) -> Optional[int]:
        """docstring for getter"""

    @value.setter
    def value(self, value: Optional[int], /) -> None:
        """docstring for setter"""

class Foo:
    def __lt__(self, arg: int, /) -> bool: ...

    def __gt__(self, arg: int, /) -> bool: ...

    def __le__(self, arg: Foo, /) -> bool: ...

    def __ge__(self, arg: Foo, /) -> bool: ...

FooAlias: TypeAlias = Foo

T = TypeVar("T", contravariant=True)

class Wrapper(Generic[T]):
    def __init__(self, arg: T, /) -> None: ...

    def get(self, /) -> T: ...

    def __eq__(self, arg: object, /) -> bool: ...

class WrapperFoo(Wrapper[Foo]):
    pass

def f() -> None: ...

f_alias = f

pytree: dict = {'a' : ('b', [123])}

def tweak_me(arg: int):
    """
    prior docstring
    remains preserved
    """
