from collections.abc import Mapping, Iterator
from typing import overload

class StringMap:
    @overload
    def __init__(self) -> None: ...

    @overload
    def __init__(self, arg: Mapping[str, str], /) -> None: ...

    def __iter__(self) -> Iterator[str]: ...

    def items(self) -> Iterator[tuple[str, str]]: ...

    def values(self) -> Iterator[str]: ...

def iterator_passthrough(arg: Iterator, /) -> Iterator: ...
