from typing import overload

class _Enum:
    def __init__(self, arg: object, /) -> None: ...
    def __repr__(self, /) -> str: ...
    def __hash__(self, /) -> int: ...
    def __int__(self, /) -> int: ...
    def __index__(self, /) -> int: ...
    def __eq__(self, arg: object, /) -> bool: ...
    def __ne__(self, arg: object, /) -> bool: ...
    def __gt__(self, arg: object, /) -> bool: ...
    def __ge__(self, arg: object, /) -> bool: ...
    def __lt__(self, arg: object, /) -> bool: ...
    def __le__(self, arg: object, /) -> bool: ...
    def name(self, /) -> str: ...
    def value(self, /) -> int: ...

class _EnumArith(_Enum):
    def __abs__(self) -> int: ...
    def __neg__(self) -> int: ...
    def __invert__(self) -> int: ...
    def __add__(self, arg: object, /) -> int: ...
    def __radd__(self, arg: object, /) -> int: ...
    def __sub__(self, arg: object, /) -> int: ...
    def __rsub__(self, arg: object, /) -> int: ...
    def __mul__(self, arg: object, /) -> int: ...
    def __rmul__(self, arg: object, /) -> int: ...
    def __floordiv__(self, arg: object, /) -> int: ...
    def __rfloordiv__(self, arg: object, /) -> int: ...
    def __lshift__(self, arg: object, /) -> int: ...
    def __rlshift__(self, arg: object, /) -> int: ...
    def __rshift__(self, arg: object, /) -> int: ...
    def __rrshift__(self, arg: object, /) -> int: ...
    def __and__(self, arg: object, /) -> int: ...
    def __rand__(self, arg: object, /) -> int: ...
    def __or__(self, arg: object, /) -> int: ...
    def __ror__(self, arg: object, /) -> int: ...
    def __xor__(self, arg: object, /) -> int: ...
    def __rxor__(self, arg: object, /) -> int: ...

class ClassicEnum(_Enum):
    Item1: ClassicEnum

    Item2: ClassicEnum

class Color(_EnumArith):
    Black: Color

    Red: Color

    Green: Color

    Blue: Color

    Cyan: Color

    Yellow: Color

    Magenta: Color

    White: Color

class Enum(_Enum):
    """enum-level docstring"""

    A: Enum
    """Value A"""

    B: Enum
    """Value B"""

    C: Enum
    """Value C"""

    def dummy(self, arg: Enum = Enum.A) -> None: ...

class EnumProperty:
    def __init__(self) -> None: ...

    @property
    def read_enum(self) -> Enum: ...

Item1: ClassicEnum = ClassicEnum.Item1

Item2: ClassicEnum = ClassicEnum.Item2

class SEnum(_EnumArith):
    A: SEnum

    B: SEnum

    C: SEnum

@overload
def from_enum(arg: Enum, /) -> int: ...

@overload
def from_enum(arg: SEnum, /) -> int: ...

def to_enum(arg: int, /) -> Enum: ...
