from typing import overload

class A:
    def __init__(self, arg: int, /) -> None: ...

class Animal:
    def __init__(self) -> None:
        """A constructor"""

    def name(self) -> str:
        """A method"""

    def what(self) -> str: ...

class B:
    def __init__(self, arg: int, /) -> None: ...

class B2(B):
    def __init__(self, arg: int, /) -> None: ...

class Base:
    pass

class Big:
    """
    A class
    with a multi-line
    docstring..
    """

    def __init__(self) -> None: ...

class BigAligned:
    def __init__(self) -> None: ...

class C:
    def __init__(self, arg: int, /) -> None: ...

class Cat(Animal):
    def __init__(self, arg: str, /) -> None: ...

class ClassWithLen:
    def __init__(self) -> None: ...

    def __len__(self, /):
        """Return len(self)."""

class ClassWithSupplement:
    def __init__(self) -> None: ...

class D:
    @overload
    def __init__(self, arg: A, /) -> None: ...

    @overload
    def __init__(self, arg: B, /) -> None: ...

    @overload
    def __init__(self, arg: int, /) -> None: ...

    @overload
    def __init__(self, arg: float, /) -> None: ...

    @property
    def value(self) -> int: ...

    @value.setter
    def value(self, arg: int, /) -> None: ...

class Dog(Animal):
    def __init__(self, arg: str, /) -> None: ...

class FinalType:
    def __init__(self) -> None: ...

class Foo:
    pass

class IncrementingStruct(Struct):
    def __init__(self, arg: Struct, /) -> None: ...

class Int:
    def __init__(self, arg: int, /) -> None: ...

    def __add__(self, arg: Int, /) -> Int: ...

    def __iadd__(self, arg: Int, /) -> Int: ...

    def __sub__(self, arg: float, /) -> Int: ...

    def __repr__(self) -> str: ...

class MyClass:
    def __init__(self) -> None: ...

    class NestedClass:
        def f(self) -> None: ...

    def f(self) -> None: ...

class NonCopyableVec:
    pass

class PairStruct:
    def __init__(self) -> None: ...

    @property
    def s1(self) -> Struct:
        """A documented property"""

    @s1.setter
    def s1(self, arg: Struct, /) -> None: ...

    @property
    def s2(self) -> Struct: ...

    @s2.setter
    def s2(self, arg: Struct, /) -> None: ...

class PolymorphicBase:
    pass

class PolymorphicSubclass:
    pass

class StaticProperties:
    value: int = ...
    """Static property docstring"""

    @staticmethod
    def get() -> int: ...

class StaticProperties2(StaticProperties):
    pass

class Struct:
    """Some documentation"""

    @overload
    def __init__(self) -> None: ...

    @overload
    def __init__(self, arg: int, /) -> None: ...

    def value(self) -> int: ...

    def set_value(self, value: int) -> None: ...

    def self(self) -> Struct: ...

    def none(self) -> Struct: ...

    def __getstate__(self) -> int: ...

    def __setstate__(self, arg: int, /) -> None: ...

    @overload
    @staticmethod
    def static_test(arg: int, /) -> int: ...

    @overload
    @staticmethod
    def static_test(arg: float, /) -> int: ...

    @staticmethod
    def create_move() -> Struct: ...

    @staticmethod
    def create_reference() -> Struct: ...

    @staticmethod
    def create_copy() -> Struct: ...

    @staticmethod
    def create_take() -> Struct: ...

class StructWithAttr(Struct):
    def __init__(self, arg: int, /) -> None: ...

class StructWithWeakrefs(Struct):
    def __init__(self, arg: int, /) -> None: ...

class StructWithWeakrefsAndDynamicAttrs(Struct):
    def __init__(self, arg: int, /) -> None: ...

class Subclass:
    pass

class Wrapper:
    def __init__(self) -> None: ...

    @property
    def value(self) -> Wrapper: ...

    @value.setter
    def value(self, arg: Wrapper, /) -> None: ...

def animal_passthrough(arg: Animal, /) -> Animal: ...

def call_function(arg: object, /) -> object: ...

def call_method(arg: object, /) -> object: ...

def check_shared(arg: "Shared", /) -> None: ...

def check_supplement(arg: object, /) -> bool: ...

def dog_passthrough(arg: Dog, /) -> Dog: ...

def f() -> None: ...

def factory() -> Base: ...

def factory_2() -> Base: ...

def get_d(arg: D, /) -> int: ...

def get_destructed() -> list: ...

def get_incrementing_struct_value(arg: IncrementingStruct, /) -> Struct: ...

def go(arg: Animal, /) -> str: ...

def i2p(arg: int, /) -> Foo: ...

def is_int_1(arg: object, /) -> bool: ...

def is_int_2(arg: object, /) -> bool: ...

def is_struct(arg: object, /) -> bool: ...

def keep_alive_arg(arg0: object, arg1: object, /) -> object: ...

def keep_alive_ret(arg0: object, arg1: object, /) -> object: ...

def none_0(arg: Struct, /) -> bool: ...

def none_1(arg: Struct) -> bool: ...

def none_2(arg: Struct) -> bool: ...

def none_3(arg: Struct | None) -> bool: ...

def none_4(arg: Struct | None) -> bool: ...

def p2i(x: Foo | None = None) -> int: ...

def polymorphic_factory() -> PolymorphicBase: ...

def polymorphic_factory_2() -> PolymorphicBase: ...

def reset() -> None: ...

def stats() -> dict: ...

def test_handle_t(arg: Struct, /) -> object: ...

def test_lowlevel() -> tuple: ...

def test_slots() -> tuple: ...

def test_type_object_t(arg: type[Struct], /) -> object: ...

def try_cast_1(arg: object | None) -> tuple[bool, Struct]: ...

def try_cast_2(arg: object | None) -> tuple[bool, Struct]: ...

def try_cast_3(arg: object | None) -> tuple[bool, Struct]: ...

def try_cast_4(arg: object, /) -> tuple[bool, int]: ...

def void_ret(arg: Animal, /) -> None: ...
